// Jest Snapshot v1, https://goo.gl/fbAQLP

exports[`Pruebas en <Modal /> Debe mostarse correctamenta 1`] = `<div />`;
